// Jest Snapshot v1, https://goo.gl/fbAQLP

exports[`PieChart Snapshot should match DOM Snapshot 1`] = `
<li
  className="border-web-gray border-b py-3"
>
  <div
    id="pie-container"
  />
</li>
`;
