// Jest Snapshot v1, https://goo.gl/fbAQLP

exports[`Footer should match DOM Snapshot 1`] = `
<div
  className="flex justify-center justify-items-center full"
>
  <div
    className=" text-primary text-sm px-4 lg:px-20 max-w-[1300px] lg:py-12 py-4 xs:grid flex flex-col content-start items-start gap-4 xs:gap-y-0 lg:grid-cols-[0.5fr_1fr_1fr_1.3fr_2.5fr] grid-cols-[1fr_1fr] lg:grid-rows-2 grid-rows-4 lg:grid-flow-col xs:items-center lg:flex-row w-full justify-between xs:content-center font-semibold grid-flow-row"
  >
    <div
      className="font-semibold font-sans text-3xl"
    >
      OpenQ
    </div>
    <OpenQSocials />
    <ForwardRef(LinkComponent)
      className="text-lg lg:justify-self-center"
      href="/batch"
      rel="noopener noreferrer"
      target="_blank"
    >
      <span>
        Batch Mint
      </span>
    </ForwardRef(LinkComponent)>
    <div
      className="flex flex-col lg:items-center gap-4 lg:gap-0"
    >
      <ForwardRef(LinkComponent)
        className="text-lg lg:justify-self-center"
        href="/terms-of-use"
        rel="noopener noreferrer"
        target="_blank"
      >
        <span>
          Terms of Use
        </span>
      </ForwardRef(LinkComponent)>
      <ForwardRef(LinkComponent)
        className="text-lg lg:justify-self-center"
        href="https://www.openq.dev/privacy"
        rel="noopener noreferrer"
        target="_blank"
      >
        Privacy Policy
      </ForwardRef(LinkComponent)>
    </div>
    <ForwardRef(LinkComponent)
      className="text-lg lg:justify-self-center "
      href="https://openq.canny.io/openq-feature-requests"
      rel="noopener noreferrer"
      target="_blank"
    >
      <span>
        Feature requests 
      </span>
    </ForwardRef(LinkComponent)>
    <ForwardRef(LinkComponent)
      className="text-lg lg:justify-self-center"
      href="https://docs.openq.dev"
      rel="noopener noreferrer"
      target="_blank"
    >
      <span>
        Documentation
      </span>
    </ForwardRef(LinkComponent)>
    <div
      className="text-lg text-muted "
    >
      Copyright 
      2023
       
      <span
        className="whitespace-nowrap"
      >
        OpenQ Â©
      </span>
    </div>
    <div />
    <div
      className="flex flex-wrap lg:gap-2 items-center justify-content-between text-muted w-full lg:w-fit text-right py-2 "
    >
      <div
        className="min-w-[100px] flex gap-4 cursor-pointer"
        onClick={[Function]}
      >
        <span>
           Smart Contracts
        </span>
        <span
          onClick={[Function]}
        >
          <ChevronDownIcon />
        </span>
      </div>
      <div
        className="relative h-6"
      >
        <div
          className="relative w-48 undefined"
        >
          <button
            className="block"
            value={1}
          >
            <CopyAddressToClipboard
              clipping={
                [
                  5,
                  38,
                ]
              }
              styles="pt-0 w-40"
            />
          </button>
        </div>
      </div>
    </div>
    <span
      className="text-muted col-span-2 w-3/4"
    >
      Contracts currently not audited, use at your own risk.
    </span>
  </div>
  <LoadingBar />
</div>
`;
